#2026 09 09 05:45:46.084#Z#DEBUG#9496fad5-ac11-11f1-9fee-eeee0a8f4579.booksodatav4-db-deployer#flowable-async-job-executor-thread-15755#
[PollStageAppStatusExecution] c17c2967-9673-4753-9385-930572d5711e [2026-09-09T05:45:12.115474] Updated app with guid c17c2967-9673-4753-9385-930572d5711e ({"lifecycle"=>{"data"=>{"buildpacks"=>["nodejs_buildpack"]}, "type"=>"buildpack"}}) (STDOUT, API)#
#2026 09 09 05:45:46.084#Z#DEBUG#9496fad5-ac11-11f1-9fee-eeee0a8f4579.booksodatav4-db-deployer#flowable-async-job-executor-thread-15755#
[PollStageAppStatusExecution] c17c2967-9673-4753-9385-930572d5711e [2026-09-09T05:45:12.218175] Updating process: "web" (STDOUT, API)#
#2026 09 09 05:45:46.084#Z#DEBUG#9496fad5-ac11-11f1-9fee-eeee0a8f4579.booksodatav4-db-deployer#flowable-async-job-executor-thread-15755#
[PollStageAppStatusExecution] c17c2967-9673-4753-9385-930572d5711e [2026-09-09T05:45:26.093120] Uploading app package for app with guid c17c2967-9673-4753-9385-930572d5711e (STDOUT, API)#
#2026 09 09 05:45:46.084#Z#DEBUG#9496fad5-ac11-11f1-9fee-eeee0a8f4579.booksodatav4-db-deployer#flowable-async-job-executor-thread-15755#
[PollStageAppStatusExecution] c17c2967-9673-4753-9385-930572d5711e [2026-09-09T05:45:26.249997] Updated app with guid c17c2967-9673-4753-9385-930572d5711e ({"environment_variables"=>"[PRIVATE DATA HIDDEN]"}) (STDOUT, API)#
#2026 09 09 05:45:46.084#Z#DEBUG#9496fad5-ac11-11f1-9fee-eeee0a8f4579.booksodatav4-db-deployer#flowable-async-job-executor-thread-15755#
[PollStageAppStatusExecution] c17c2967-9673-4753-9385-930572d5711e [2026-09-09T05:45:36.309410] Creating build for app with guid c17c2967-9673-4753-9385-930572d5711e (STDOUT, API)#
#2026 09 09 05:45:46.084#Z#DEBUG#9496fad5-ac11-11f1-9fee-eeee0a8f4579.booksodatav4-db-deployer#flowable-async-job-executor-thread-15755#
[PollStageAppStatusExecution] c17c2967-9673-4753-9385-930572d5711e [2026-09-09T05:45:36.728272] Downloading nodejs_buildpack... (STDOUT, STG)#
#2026 09 09 05:45:46.084#Z#DEBUG#9496fad5-ac11-11f1-9fee-eeee0a8f4579.booksodatav4-db-deployer#flowable-async-job-executor-thread-15755#
[PollStageAppStatusExecution] c17c2967-9673-4753-9385-930572d5711e [2026-09-09T05:45:36.767915] Downloaded nodejs_buildpack (STDOUT, STG)#
#2026 09 09 05:45:46.084#Z#DEBUG#9496fad5-ac11-11f1-9fee-eeee0a8f4579.booksodatav4-db-deployer#flowable-async-job-executor-thread-15755#
[PollStageAppStatusExecution] c17c2967-9673-4753-9385-930572d5711e [2026-09-09T05:45:36.768027] Cell c839c7b1-088e-41af-b9b7-66256aacd457 creating container for instance bf6192ab-b1f6-4df2-b4b3-6df84a056ab7 (STDOUT, STG)#
#2026 09 09 05:45:46.084#Z#DEBUG#9496fad5-ac11-11f1-9fee-eeee0a8f4579.booksodatav4-db-deployer#flowable-async-job-executor-thread-15755#
[PollStageAppStatusExecution] c17c2967-9673-4753-9385-930572d5711e [2026-09-09T05:45:37.398989] Security group rules were updated (STDOUT, STG)#
#2026 09 09 05:45:46.084#Z#DEBUG#9496fad5-ac11-11f1-9fee-eeee0a8f4579.booksodatav4-db-deployer#flowable-async-job-executor-thread-15755#
[PollStageAppStatusExecution] c17c2967-9673-4753-9385-930572d5711e [2026-09-09T05:45:37.479539] Cell c839c7b1-088e-41af-b9b7-66256aacd457 successfully created container for instance bf6192ab-b1f6-4df2-b4b3-6df84a056ab7 (STDOUT, STG)#
#2026 09 09 05:45:46.084#Z#DEBUG#9496fad5-ac11-11f1-9fee-eeee0a8f4579.booksodatav4-db-deployer#flowable-async-job-executor-thread-15755#
[PollStageAppStatusExecution] c17c2967-9673-4753-9385-930572d5711e [2026-09-09T05:45:37.942938] Downloading app package... (STDOUT, STG)#
#2026 09 09 05:45:46.084#Z#DEBUG#9496fad5-ac11-11f1-9fee-eeee0a8f4579.booksodatav4-db-deployer#flowable-async-job-executor-thread-15755#
[PollStageAppStatusExecution] c17c2967-9673-4753-9385-930572d5711e [2026-09-09T05:45:37.943178] Downloading build artifacts cache... (STDOUT, STG)#
#2026 09 09 05:45:46.084#Z#DEBUG#9496fad5-ac11-11f1-9fee-eeee0a8f4579.booksodatav4-db-deployer#flowable-async-job-executor-thread-15755#
[PollStageAppStatusExecution] c17c2967-9673-4753-9385-930572d5711e [2026-09-09T05:45:38.012892] Downloaded build artifacts cache (227B) (STDOUT, STG)#
#2026 09 09 05:45:46.084#Z#DEBUG#9496fad5-ac11-11f1-9fee-eeee0a8f4579.booksodatav4-db-deployer#flowable-async-job-executor-thread-15755#
[PollStageAppStatusExecution] c17c2967-9673-4753-9385-930572d5711e [2026-09-09T05:45:38.229894] Downloaded app package (2.3M) (STDOUT, STG)#
#2026 09 09 05:45:46.084#Z#DEBUG#9496fad5-ac11-11f1-9fee-eeee0a8f4579.booksodatav4-db-deployer#flowable-async-job-executor-thread-15755#
[PollStageAppStatusExecution] c17c2967-9673-4753-9385-930572d5711e [2026-09-09T05:45:38.325721] -----> Nodejs Buildpack version 1.9.3 (STDOUT, STG)#
#2026 09 09 05:45:46.084#Z#DEBUG#9496fad5-ac11-11f1-9fee-eeee0a8f4579.booksodatav4-db-deployer#flowable-async-job-executor-thread-15755#
[PollStageAppStatusExecution] c17c2967-9673-4753-9385-930572d5711e [2026-09-09T05:45:38.442072] -----> Bootstrapping python (STDOUT, STG)#
#2026 09 09 05:45:46.084#Z#DEBUG#9496fad5-ac11-11f1-9fee-eeee0a8f4579.booksodatav4-db-deployer#flowable-async-job-executor-thread-15755#
[PollStageAppStatusExecution] c17c2967-9673-4753-9385-930572d5711e [2026-09-09T05:45:38.442100] -----> Installing python 3.13.14 (STDOUT, STG)#
#2026 09 09 05:45:46.084#Z#DEBUG#9496fad5-ac11-11f1-9fee-eeee0a8f4579.booksodatav4-db-deployer#flowable-async-job-executor-thread-15755#
[PollStageAppStatusExecution] c17c2967-9673-4753-9385-930572d5711e [2026-09-09T05:45:38.442227] Copy [/tmp/buildpacks/336fb825d4d72bff/dependencies/4b4266a2ff36730aef37b88b668ca327/python_3.13.14_linux_x64_cflinuxfs4_b80d4954.tgz] (STDOUT, STG)#
#2026 09 09 05:45:46.084#Z#DEBUG#9496fad5-ac11-11f1-9fee-eeee0a8f4579.booksodatav4-db-deployer#flowable-async-job-executor-thread-15755#
[PollStageAppStatusExecution] c17c2967-9673-4753-9385-930572d5711e [2026-09-09T05:45:42.642725] -----> Installing binaries (STDOUT, STG)#
#2026 09 09 05:45:46.084#Z#DEBUG#9496fad5-ac11-11f1-9fee-eeee0a8f4579.booksodatav4-db-deployer#flowable-async-job-executor-thread-15755#
[PollStageAppStatusExecution] c17c2967-9673-4753-9385-930572d5711e [2026-09-09T05:45:42.642833] engines.node (package.json): ^24 (STDOUT, STG)#
#2026 09 09 05:45:46.084#Z#DEBUG#9496fad5-ac11-11f1-9fee-eeee0a8f4579.booksodatav4-db-deployer#flowable-async-job-executor-thread-15755#
[PollStageAppStatusExecution] c17c2967-9673-4753-9385-930572d5711e [2026-09-09T05:45:42.642892] engines.npm (package.json): unspecified (use default) (STDOUT, STG)#
#2026 09 09 05:45:46.084#Z#DEBUG#9496fad5-ac11-11f1-9fee-eeee0a8f4579.booksodatav4-db-deployer#flowable-async-job-executor-thread-15755#
[PollStageAppStatusExecution] c17c2967-9673-4753-9385-930572d5711e [2026-09-09T05:45:42.642998] -----> Installing node 24.18.0 (STDOUT, STG)#
#2026 09 09 05:45:46.084#Z#DEBUG#9496fad5-ac11-11f1-9fee-eeee0a8f4579.booksodatav4-db-deployer#flowable-async-job-executor-thread-15755#
[PollStageAppStatusExecution] c17c2967-9673-4753-9385-930572d5711e [2026-09-09T05:45:42.643292] Copy [/tmp/buildpacks/336fb825d4d72bff/dependencies/dffbbb835fcd073c4544f78eb6247fac/node_24.18.0_linux_x64_cflinuxfs4_cdfed650.tgz] (STDOUT, STG)#
#2026 09 09 05:45:46.084#Z#DEBUG#9496fad5-ac11-11f1-9fee-eeee0a8f4579.booksodatav4-db-deployer#flowable-async-job-executor-thread-15755#
[PollStageAppStatusExecution] c17c2967-9673-4753-9385-930572d5711e [2026-09-09T05:45:45.141587] Using default npm version: 11.16.0 (STDOUT, STG)#
#2026 09 09 05:45:46.084#Z#DEBUG#9496fad5-ac11-11f1-9fee-eeee0a8f4579.booksodatav4-db-deployer#flowable-async-job-executor-thread-15755#
[PollStageAppStatusExecution] c17c2967-9673-4753-9385-930572d5711e [2026-09-09T05:45:45.141665] -----> Installing yarn 1.22.22 (STDOUT, STG)#
#2026 09 09 05:45:46.084#Z#DEBUG#9496fad5-ac11-11f1-9fee-eeee0a8f4579.booksodatav4-db-deployer#flowable-async-job-executor-thread-15755#
[PollStageAppStatusExecution] c17c2967-9673-4753-9385-930572d5711e [2026-09-09T05:45:45.141808] Copy [/tmp/buildpacks/336fb825d4d72bff/dependencies/e4fe26756e9984a665478d350474fa2e/yarn_1.22.22_linux_noarch_any-stack_b6132b86.tgz] (STDOUT, STG)#
#2026 09 09 05:45:46.084#Z#DEBUG#9496fad5-ac11-11f1-9fee-eeee0a8f4579.booksodatav4-db-deployer#flowable-async-job-executor-thread-15755#
[PollStageAppStatusExecution] c17c2967-9673-4753-9385-930572d5711e [2026-09-09T05:45:45.532865] Installed yarn 1.22.22 (STDOUT, STG)#
#2026 09 09 05:45:46.084#Z#DEBUG#9496fad5-ac11-11f1-9fee-eeee0a8f4579.booksodatav4-db-deployer#flowable-async-job-executor-thread-15755#
[PollStageAppStatusExecution] c17c2967-9673-4753-9385-930572d5711e [2026-09-09T05:45:45.532901] -----> Creating runtime environment (STDOUT, STG)#
#2026 09 09 05:45:46.084#Z#DEBUG#9496fad5-ac11-11f1-9fee-eeee0a8f4579.booksodatav4-db-deployer#flowable-async-job-executor-thread-15755#
[PollStageAppStatusExecution] c17c2967-9673-4753-9385-930572d5711e [2026-09-09T05:45:45.534378] NODE_ENV=production (STDOUT, STG)#
#2026 09 09 05:45:46.084#Z#DEBUG#9496fad5-ac11-11f1-9fee-eeee0a8f4579.booksodatav4-db-deployer#flowable-async-job-executor-thread-15755#
[PollStageAppStatusExecution] c17c2967-9673-4753-9385-930572d5711e [2026-09-09T05:45:45.534465] NODE_HOME=/tmp/contents37008033/deps/0/node (STDOUT, STG)#
#2026 09 09 05:45:46.084#Z#DEBUG#9496fad5-ac11-11f1-9fee-eeee0a8f4579.booksodatav4-db-deployer#flowable-async-job-executor-thread-15755#
[PollStageAppStatusExecution] c17c2967-9673-4753-9385-930572d5711e [2026-09-09T05:45:45.534488] NODE_MODULES_CACHE=true (STDOUT, STG)#
#2026 09 09 05:45:46.084#Z#DEBUG#9496fad5-ac11-11f1-9fee-eeee0a8f4579.booksodatav4-db-deployer#flowable-async-job-executor-thread-15755#
[PollStageAppStatusExecution] c17c2967-9673-4753-9385-930572d5711e [2026-09-09T05:45:45.534491] NODE_VERBOSE=false (STDOUT, STG)#
#2026 09 09 05:45:46.084#Z#DEBUG#9496fad5-ac11-11f1-9fee-eeee0a8f4579.booksodatav4-db-deployer#flowable-async-job-executor-thread-15755#
[PollStageAppStatusExecution] c17c2967-9673-4753-9385-930572d5711e [2026-09-09T05:45:45.534493] NPM_CONFIG_LOGLEVEL=error (STDOUT, STG)#
#2026 09 09 05:45:46.084#Z#DEBUG#9496fad5-ac11-11f1-9fee-eeee0a8f4579.booksodatav4-db-deployer#flowable-async-job-executor-thread-15755#
[PollStageAppStatusExecution] c17c2967-9673-4753-9385-930572d5711e [2026-09-09T05:45:45.534496] NPM_CONFIG_PRODUCTION=true (STDOUT, STG)#
#2026 09 09 05:45:46.084#Z#DEBUG#9496fad5-ac11-11f1-9fee-eeee0a8f4579.booksodatav4-db-deployer#flowable-async-job-executor-thread-15755#
[PollStageAppStatusExecution] c17c2967-9673-4753-9385-930572d5711e [2026-09-09T05:45:45.534499] -----> Building dependencies (STDOUT, STG)#
#2026 09 09 05:45:46.084#Z#DEBUG#9496fad5-ac11-11f1-9fee-eeee0a8f4579.booksodatav4-db-deployer#flowable-async-job-executor-thread-15755#
[PollStageAppStatusExecution] c17c2967-9673-4753-9385-930572d5711e [2026-09-09T05:45:45.534563] Prebuild detected (node_modules already exists) (STDOUT, STG)#
#2026 09 09 05:45:46.084#Z#DEBUG#9496fad5-ac11-11f1-9fee-eeee0a8f4579.booksodatav4-db-deployer#flowable-async-job-executor-thread-15755#
[PollStageAppStatusExecution] c17c2967-9673-4753-9385-930572d5711e [2026-09-09T05:45:45.534644] Rebuilding any native modules (STDOUT, STG)#
